Initialising ChemShell DEVELOPMENT VERSION 3.7_2023_DLF_GPR.dev on linux
read_xyz/======================================== Tstep:    0.0 Ttot:    0.0 ==
energy/========================================== Tstep:    0.0 Ttot:    0.0 ==
energy/turbomole/================================ Tstep:    0.0 Ttot:    0.0 ==
energy
Size of integral file returned by statistics run:  157101
Spin: 
-----------------------------------------------------------------------------------
Energy (  turbomole):                                           -2141.046801 (a.u.)
-----------------------------------------------------------------------------------

 Timing Analysis by Executable 
                                    dscf  [      2]   2162.167 100.0%
                                  define  [      1]      0.811   0.0%
                               ChemShell                 0.190   0.0%

                                   Total              2163.168

  Timing Analysis by Module       module   # calls        time time (exc) percent 
                                  energy  [      1]   2163.153      0.006   0.0%
                      get_matrix_element  [      1]      0.000      0.000   0.0%
                               turbomole  [      1]   2163.147   2163.120 100.0%
                      set_matrix_element  [      1]      0.000      0.000   0.0%
                         set_matrix_size  [      1]      0.000      0.000   0.0%
                       get_number_of_bqs  [      2]      0.001      0.001   0.0%
                          get_atom_entry  [     85]      0.026      0.026   0.0%
                     get_number_of_atoms  [      1]      0.000      0.000   0.0%
                                read_xyz  [      1]      0.001      0.001   0.0%
                                   Other                 0.014              0.0%

                                   Total              2163.168
ChemShell exiting code 0
