Directory: ./censo_1
Output file exists in ./censo_1/ts_opt.
Optimization converged.
Script name: <cluster_home>/.local/bin/bwHPC_chemshell
2 arguments
creating the job submission script spe_ts_m06-2x.sh
Submitting the job
Submitted batch job 13680671
done
SPE calculation submitted
Thermochemical analysis
 Mode     Eigenvalue Frequency Vib.T.(K)        ZPE (H)   Vib. Ene.(H)      - T*S (H)
    1  -0.0030411587   283.481i
    2   0.0000031387     9.107    13.103   0.0000207473   0.0007346202  -0.0016412577
    3   0.0000145396    19.601    28.202   0.0000446547   0.0007346202  -0.0016412577
    4   0.0000261386    26.281    37.813   0.0000598730   0.0007346202  -0.0016412577

Directory: ./censo_10
Output file exists in ./censo_10/ts_opt.
Optimization converged.
Script name: <cluster_home>/.local/bin/bwHPC_chemshell
2 arguments
creating the job submission script spe_ts_m06-2x.sh
Submitting the job
Submitted batch job 13680672
done
SPE calculation submitted
Thermochemical analysis
 Mode     Eigenvalue Frequency Vib.T.(K)        ZPE (H)   Vib. Ene.(H)      - T*S (H)
    1  -0.0018467351   220.906i
    2   0.0000077970    14.354    20.652   0.0000327005   0.0007346202  -0.0016412577
    3   0.0000251281    25.768    37.075   0.0000587043   0.0007346202  -0.0016412577
    4   0.0000261109    26.267    37.793   0.0000598413   0.0007346202  -0.0016412577

Directory: ./censo_3
Output file exists in ./censo_3/ts_opt.
Optimization converged.
Script name: <cluster_home>/.local/bin/bwHPC_chemshell
2 arguments
creating the job submission script spe_ts_m06-2x.sh
Submitting the job
Submitted batch job 13680673
done
SPE calculation submitted
Thermochemical analysis
 Mode     Eigenvalue Frequency Vib.T.(K)        ZPE (H)   Vib. Ene.(H)      - T*S (H)
    1  -0.0020815734   234.531i
    2  -0.0000089018   -15.337    22.067   0.0000349406   0.0007346202  -0.0016412577
    3   0.0000019926     7.256    10.440   0.0000165312   0.0007346202  -0.0016412577
    4   0.0000090842    15.493    22.292   0.0000352967   0.0007346202  -0.0016412577

Directory: ./censo_5
Output file exists in ./censo_5/ts_opt.
Optimization converged.
Script name: <cluster_home>/.local/bin/bwHPC_chemshell
2 arguments
creating the job submission script spe_ts_m06-2x.sh
Submitting the job
Submitted batch job 13680674
done
SPE calculation submitted
Thermochemical analysis
 Mode     Eigenvalue Frequency Vib.T.(K)        ZPE (H)   Vib. Ene.(H)      - T*S (H)
    1  -0.0026032514   262.278i
    2   0.0000073767    13.962    20.088   0.0000318069   0.0007346202  -0.0016412577
    3   0.0000154347    20.195    29.057   0.0000460087   0.0007346202  -0.0016412577
    4   0.0000206293    23.348    33.592   0.0000531903   0.0007346202  -0.0016412577

Directory: ./censo_7
Output file exists in ./censo_7/ts_opt.
Optimization converged.
Script name: <cluster_home>/.local/bin/bwHPC_chemshell
2 arguments
creating the job submission script spe_ts_m06-2x.sh
Submitting the job
Submitted batch job 13680675
done
SPE calculation submitted
Thermochemical analysis
 Mode     Eigenvalue Frequency Vib.T.(K)        ZPE (H)   Vib. Ene.(H)      - T*S (H)
    1  -0.0030900229   285.749i
    2   0.0000034902     9.603    13.817   0.0000218783   0.0007346202  -0.0016412577
    3   0.0000152248    20.058    28.859   0.0000456948   0.0007346202  -0.0016412577
    4   0.0000350808    30.447    43.806   0.0000693625   0.0007346202  -0.0016412577

Directory: ./censo_8
Output file exists in ./censo_8/ts_opt.
Optimization converged.
Script name: <cluster_home>/.local/bin/bwHPC_chemshell
2 arguments
creating the job submission script spe_ts_m06-2x.sh
Submitting the job
Submitted batch job 13680676
done
SPE calculation submitted
Thermochemical analysis
 Mode     Eigenvalue Frequency Vib.T.(K)        ZPE (H)   Vib. Ene.(H)      - T*S (H)
    1  -0.0014759223   197.486i
    2   0.0000070047    13.605    19.575   0.0000309945   0.0007346202  -0.0016412577
    3   0.0000208081    23.449    33.738   0.0000534203   0.0007346202  -0.0016412577
    4   0.0000249457    25.674    36.940   0.0000584908   0.0007346202  -0.0016412577

Directory: ./censo_9
Output file exists in ./censo_9/ts_opt.
Optimization converged.
Script name: <cluster_home>/.local/bin/bwHPC_chemshell
2 arguments
creating the job submission script spe_ts_m06-2x.sh
Submitting the job
Submitted batch job 13680677
done
SPE calculation submitted
Thermochemical analysis
 Mode     Eigenvalue Frequency Vib.T.(K)        ZPE (H)   Vib. Ene.(H)      - T*S (H)
    1  -0.0023290561   248.081i
    2  -0.0000331649   -29.604    42.593   0.0000674418   0.0007346202  -0.0016412577
    3   0.0000021149     7.476    10.756   0.0000170309   0.0007346202  -0.0016412577
    4   0.0000126801    18.305    26.337   0.0000417015   0.0007346202  -0.0016412577

