Initialising ChemShell DEVELOPMENT VERSION 3.7_2023_DLF_GPR.dev on linux
read_xyz/======================================== Tstep:    0.0 Ttot:    0.0 ==
energy/========================================== Tstep:    0.0 Ttot:    0.0 ==
energy/turbomole/================================ Tstep:    0.0 Ttot:    0.0 ==
energy
Size of integral file returned by statistics run:  175147
Spin: 
-----------------------------------------------------------------------------------
Energy (  turbomole):                                           -2141.048424 (a.u.)
-----------------------------------------------------------------------------------

 Timing Analysis by Executable 
                                    dscf  [      2]   2541.995 100.0%
                                  define  [      1]      0.665   0.0%
                               ChemShell                 0.163   0.0%

                                   Total              2542.823

  Timing Analysis by Module       module   # calls        time time (exc) percent 
                                  energy  [      1]   2542.800      0.007   0.0%
                      get_matrix_element  [      1]      0.000      0.000   0.0%
                               turbomole  [      1]   2542.793   2542.767 100.0%
                      set_matrix_element  [      1]      0.000      0.000   0.0%
                         set_matrix_size  [      1]      0.000      0.000   0.0%
                       get_number_of_bqs  [      2]      0.001      0.001   0.0%
                          get_atom_entry  [     85]      0.025      0.025   0.0%
                     get_number_of_atoms  [      1]      0.000      0.000   0.0%
                                read_xyz  [      1]      0.001      0.001   0.0%
                                   Other                 0.022              0.0%

                                   Total              2542.823
ChemShell exiting code 0
