Initialising ChemShell DEVELOPMENT VERSION 3.7_2023_DLF_GPR.dev on linux
read_xyz/======================================== Tstep:    0.0 Ttot:    0.0 ==
energy/========================================== Tstep:    0.0 Ttot:    0.0 ==
energy/turbomole/================================ Tstep:    0.0 Ttot:    0.0 ==
energy
Size of integral file returned by statistics run:  170914
Spin: 
-----------------------------------------------------------------------------------
Energy (  turbomole):                                           -2141.048161 (a.u.)
-----------------------------------------------------------------------------------

 Timing Analysis by Executable 
                                    dscf  [      2]   2580.390 100.0%
                                  define  [      1]      0.658   0.0%
                               ChemShell                 0.167   0.0%

                                   Total              2581.214

  Timing Analysis by Module       module   # calls        time time (exc) percent 
                                  energy  [      1]   2581.201      0.006   0.0%
                      get_matrix_element  [      1]      0.000      0.000   0.0%
                               turbomole  [      1]   2581.195   2581.169 100.0%
                      set_matrix_element  [      1]      0.000      0.000   0.0%
                         set_matrix_size  [      1]      0.000      0.000   0.0%
                       get_number_of_bqs  [      2]      0.001      0.001   0.0%
                          get_atom_entry  [     85]      0.025      0.025   0.0%
                     get_number_of_atoms  [      1]      0.000      0.000   0.0%
                                read_xyz  [      1]      0.001      0.001   0.0%
                                   Other                 0.012              0.0%

                                   Total              2581.214
ChemShell exiting code 0
