Initialising ChemShell DEVELOPMENT VERSION 3.7_2023_DLF_GPR.dev on linux
read_xyz/======================================== Tstep:    0.2 Ttot:    0.2 ==
energy/========================================== Tstep:    0.0 Ttot:    0.2 ==
energy/turbomole/================================ Tstep:    0.0 Ttot:    0.2 ==
energy
Size of integral file returned by statistics run:  161265
Spin: 
-----------------------------------------------------------------------------------
Energy (  turbomole):                                           -2141.054244 (a.u.)
-----------------------------------------------------------------------------------

 Timing Analysis by Executable 
                                    dscf  [      2]   2028.429  99.9%
                                  define  [      1]      0.886   0.0%
                               ChemShell                 0.439   0.0%

                                   Total              2029.754

  Timing Analysis by Module       module   # calls        time time (exc) percent 
                                  energy  [      1]   2029.577      0.009   0.0%
                      get_matrix_element  [      1]      0.000      0.000   0.0%
                               turbomole  [      1]   2029.568   2029.542 100.0%
                      set_matrix_element  [      1]      0.000      0.000   0.0%
                         set_matrix_size  [      1]      0.000      0.000   0.0%
                       get_number_of_bqs  [      2]      0.001      0.001   0.0%
                          get_atom_entry  [     85]      0.025      0.025   0.0%
                     get_number_of_atoms  [      1]      0.000      0.000   0.0%
                                read_xyz  [      1]      0.001      0.001   0.0%
                                   Other                 0.176              0.0%

                                   Total              2029.754
ChemShell exiting code 0
